[bk8champion.com/indexb48c.html]
[backblue.gif]
[fade.gif]
[index.html]
[bk8champion.com/images/favicon.html]
[bk8champion.com/css/bootstrap.min.css]
[cdnjs.cloudflare.com/ajax/libs/font-awesome/6.5.2/css/all.min.css]
[bk8champion.com/css/custom349e.css]
[bk8champion.com/video/video_cn_v2.mp4]
[bk8champion.com/js/jquery-2.2.4.min.js]
[bk8champion.com/indexb48c.html]
[bk8champion.com/js/bootstrap.bundle.min.js]
[bk8champion.com/images/images/favicon.html]
[bk8champion.com/images/css/bootstrap.min.html]
[bk8champion.com/images/css/custom349e.html]
[bk8champion.com/images/video/video_cn_v2.html]
[bk8champion.com/images/js/jquery-2.2.4.min.html]
[bk8champion.com/images/favicon.html]
[bk8champion.com/css/bootstrap.min.css]
[cdnjs.cloudflare.com/ajax/libs/font-awesome/6.5.2/css/all.min.css]
[bk8champion.com/css/custom349e.css]
[bk8champion.com/images/js/bootstrap.bundle.min.html]
[bk8champion.com/images/images/images/favicon.html]
[bk8champion.com/index.html]
[bk8champion.com/images/images/css/bootstrap.min.html]
[bk8champion.com/images/images/css/custom349e.html]
[bk8champion.com/images/images/video/video_cn_v2.html]
[bk8champion.com/images/images/js/jquery-2.2.4.min.html]
[bk8champion.com/images/images/favicon.html]
[bk8champion.com/images/images/js/bootstrap.bundle.min.html]
[bk8champion.com/images/css/images/favicon.html]
[bk8champion.com/images/css/css/bootstrap.min.html]
[bk8champion.com/images/css/css/custom349e.html]
[bk8champion.com/images/css/video/video_cn_v2.html]
[bk8champion.com/images/css/js/jquery-2.2.4.min.html]
[bk8champion.com/images/css/bootstrap.min.html]
[bk8champion.com/images/css/custom349e.html]
[bk8champion.com/images/css/js/bootstrap.bundle.min.html]
[bk8champion.com/images/video/images/favicon.html]
[bk8champion.com/images/video/css/bootstrap.min.html]
[bk8champion.com/images/video/css/custom349e.html]
[bk8champion.com/images/video/video/video_cn_v2.html]
[bk8champion.com/images/video/js/jquery-2.2.4.min.html]
[bk8champion.com/images/video/video_cn_v2.html]
[bk8champion.com/images/video/js/bootstrap.bundle.min.html]
[bk8champion.com/images/js/images/favicon.html]
[bk8champion.com/images/js/css/bootstrap.min.html]
[bk8champion.com/images/js/css/custom349e.html]
[bk8champion.com/images/js/video/video_cn_v2.html]
[bk8champion.com/images/js/js/jquery-2.2.4.min.html]
[bk8champion.com/images/js/jquery-2.2.4.min.html]
[bk8champion.com/images/js/bootstrap.bundle.min.html]
[bk8champion.com/index.html]
[bk8champion.com/images/js/js/bootstrap.bundle.min.html]
[bk8champion.com/images/images/images/images/favicon.html]
[bk8champion.com/images/images/images/css/bootstrap.min.html]
[bk8champion.com/images/images/images/css/custom349e.html]
[bk8champion.com/images/images/images/video/video_cn_v2.html]
[bk8champion.com/images/images/images/js/jquery-2.2.4.min.html]
[bk8champion.com/images/images/images/favicon.html]
[bk8champion.com/images/images/images/js/bootstrap.bundle.min.html]
[bk8champion.com/images/images/css/images/favicon.html]
[bk8champion.com/images/images/css/css/bootstrap.min.html]
[bk8champion.com/images/images/css/css/custom349e.html]
[bk8champion.com/images/images/css/video/video_cn_v2.html]
[bk8champion.com/images/images/css/js/jquery-2.2.4.min.html]
[bk8champion.com/images/images/css/bootstrap.min.html]
[bk8champion.com/images/images/css/custom349e.html]
[bk8champion.com/images/images/css/js/bootstrap.bundle.min.html]
[bk8champion.com/images/images/video/images/favicon.html]
[bk8champion.com/images/images/video/css/bootstrap.min.html]
[bk8champion.com/images/images/video/css/custom349e.html]
[bk8champion.com/images/images/video/video/video_cn_v2.html]
[bk8champion.com/images/images/video/js/jquery-2.2.4.min.html]
[bk8champion.com/images/images/video/video_cn_v2.html]
[bk8champion.com/images/images/video/js/bootstrap.bundle.min.html]
[bk8champion.com/images/images/js/images/favicon.html]
[bk8champion.com/images/images/js/css/bootstrap.min.html]
[bk8champion.com/images/images/js/css/custom349e.html]
[bk8champion.com/images/images/js/video/video_cn_v2.html]
[bk8champion.com/images/images/js/js/jquery-2.2.4.min.html]
[bk8champion.com/images/images/js/jquery-2.2.4.min.html]
[bk8champion.com/images/images/js/bootstrap.bundle.min.html]
[bk8champion.com/images/images/js/js/bootstrap.bundle.min.html]
[bk8champion.com/images/css/images/images/favicon.html]
[bk8champion.com/images/css/images/css/bootstrap.min.html]
[bk8champion.com/images/css/images/css/custom349e.html]
[bk8champion.com/images/css/images/video/video_cn_v2.html]
[bk8champion.com/images/css/images/js/jquery-2.2.4.min.html]
[bk8champion.com/images/css/images/favicon.html]
[bk8champion.com/images/css/images/js/bootstrap.bundle.min.html]
[bk8champion.com/images/css/css/images/favicon.html]
[bk8champion.com/images/css/css/css/bootstrap.min.html]
[bk8champion.com/images/css/css/css/custom349e.html]
[bk8champion.com/images/css/css/video/video_cn_v2.html]
[bk8champion.com/images/css/css/js/jquery-2.2.4.min.html]
[bk8champion.com/images/css/css/bootstrap.min.html]
[bk8champion.com/images/css/css/custom349e.html]
[bk8champion.com/images/css/css/js/bootstrap.bundle.min.html]
[bk8champion.com/images/css/video/images/favicon.html]
[bk8champion.com/images/css/video/css/bootstrap.min.html]
[bk8champion.com/images/css/video/css/custom349e.html]
[bk8champion.com/images/css/video/video/video_cn_v2.html]
[bk8champion.com/images/css/video/js/jquery-2.2.4.min.html]
[bk8champion.com/images/css/video/video_cn_v2.html]
[bk8champion.com/images/css/video/js/bootstrap.bundle.min.html]
[bk8champion.com/images/css/js/images/favicon.html]
[bk8champion.com/images/css/js/css/bootstrap.min.html]
[bk8champion.com/images/css/js/css/custom349e.html]
[bk8champion.com/images/css/js/video/video_cn_v2.html]
[bk8champion.com/images/css/js/js/jquery-2.2.4.min.html]
[bk8champion.com/images/css/js/jquery-2.2.4.min.html]
[bk8champion.com/images/css/js/bootstrap.bundle.min.html]
[bk8champion.com/images/css/js/js/bootstrap.bundle.min.html]
[bk8champion.com/images/video/images/images/favicon.html]
[bk8champion.com/images/video/images/css/bootstrap.min.html]
[bk8champion.com/images/video/images/css/custom349e.html]
[bk8champion.com/images/video/images/video/video_cn_v2.html]
[bk8champion.com/images/video/images/js/jquery-2.2.4.min.html]
[bk8champion.com/images/video/images/favicon.html]
[bk8champion.com/images/video/images/js/bootstrap.bundle.min.html]
[bk8champion.com/images/video/css/images/favicon.html]
[bk8champion.com/images/video/css/css/bootstrap.min.html]
[bk8champion.com/images/video/css/css/custom349e.html]
[bk8champion.com/images/video/css/video/video_cn_v2.html]
[bk8champion.com/images/video/css/js/jquery-2.2.4.min.html]
[bk8champion.com/images/video/css/bootstrap.min.html]
[bk8champion.com/images/video/css/custom349e.html]
[bk8champion.com/images/video/css/js/bootstrap.bundle.min.html]
[bk8champion.com/images/video/video/images/favicon.html]
[bk8champion.com/images/video/video/css/bootstrap.min.html]
[bk8champion.com/images/video/video/css/custom349e.html]
[bk8champion.com/images/video/video/video/video_cn_v2.html]
[bk8champion.com/images/video/video/js/jquery-2.2.4.min.html]
[bk8champion.com/images/video/video/video_cn_v2.html]
[bk8champion.com/images/video/video/js/bootstrap.bundle.min.html]
[bk8champion.com/images/video/js/images/favicon.html]
[bk8champion.com/images/video/js/css/bootstrap.min.html]
[bk8champion.com/images/video/js/css/custom349e.html]
[bk8champion.com/images/video/js/video/video_cn_v2.html]
[bk8champion.com/images/video/js/js/jquery-2.2.4.min.html]
[bk8champion.com/images/video/js/jquery-2.2.4.min.html]
[bk8champion.com/images/video/js/bootstrap.bundle.min.html]
[bk8champion.com/images/video/js/js/bootstrap.bundle.min.html]
[bk8champion.com/images/js/images/images/favicon.html]
[bk8champion.com/images/js/images/css/bootstrap.min.html]
[bk8champion.com/images/js/images/css/custom349e.html]
[bk8champion.com/images/js/images/video/video_cn_v2.html]
[bk8champion.com/images/js/images/js/jquery-2.2.4.min.html]
[bk8champion.com/images/js/images/favicon.html]
[bk8champion.com/images/js/images/js/bootstrap.bundle.min.html]
[bk8champion.com/images/js/css/images/favicon.html]
[bk8champion.com/images/js/css/css/bootstrap.min.html]
[bk8champion.com/images/js/css/css/custom349e.html]
[bk8champion.com/images/js/css/video/video_cn_v2.html]
[bk8champion.com/images/js/css/js/jquery-2.2.4.min.html]
[bk8champion.com/images/js/css/bootstrap.min.html]
[bk8champion.com/images/js/css/custom349e.html]
[bk8champion.com/images/js/css/js/bootstrap.bundle.min.html]
[bk8champion.com/images/js/video/images/favicon.html]
[bk8champion.com/images/js/video/css/bootstrap.min.html]
[bk8champion.com/images/js/video/css/custom349e.html]
[bk8champion.com/images/js/video/video/video_cn_v2.html]
[bk8champion.com/images/js/video/js/jquery-2.2.4.min.html]
[bk8champion.com/images/js/video/video_cn_v2.html]
[bk8champion.com/images/js/video/js/bootstrap.bundle.min.html]
[bk8champion.com/images/js/js/images/favicon.html]
[bk8champion.com/images/js/js/css/bootstrap.min.html]
[bk8champion.com/images/js/js/css/custom349e.html]
[bk8champion.com/images/js/js/video/video_cn_v2.html]
[bk8champion.com/images/js/js/js/jquery-2.2.4.min.html]
[bk8champion.com/images/js/js/jquery-2.2.4.min.html]
[bk8champion.com/images/js/js/bootstrap.bundle.min.html]
[bk8champion.com/images/js/js/js/bootstrap.bundle.min.html]
[bk8champion.com/images/images/images/images/images/favicon.html]
[bk8champion.com/images/images/images/images/css/bootstrap.min.html]
[bk8champion.com/images/images/images/images/css/custom349e.html]
[bk8champion.com/images/images/images/images/video/video_cn_v2.html]
[bk8champion.com/images/images/images/images/js/jquery-2.2.4.min.html]
[bk8champion.com/images/images/images/images/favicon.html]
[bk8champion.com/images/images/images/images/js/bootstrap.bundle.min.html]
[bk8champion.com/images/images/images/css/images/favicon.html]
[bk8champion.com/images/images/images/css/css/bootstrap.min.html]
[bk8champion.com/images/images/images/css/css/custom349e.html]
[bk8champion.com/images/images/images/css/video/video_cn_v2.html]
[bk8champion.com/images/images/images/css/js/jquery-2.2.4.min.html]
[bk8champion.com/images/images/images/css/bootstrap.min.html]
[bk8champion.com/images/images/images/css/custom349e.html]
[bk8champion.com/images/images/images/css/js/bootstrap.bundle.min.html]
[bk8champion.com/images/images/images/video/images/favicon.html]
[bk8champion.com/images/images/images/video/css/bootstrap.min.html]
[bk8champion.com/images/images/images/video/css/custom349e.html]
[bk8champion.com/images/images/images/video/video/video_cn_v2.html]
[bk8champion.com/images/images/images/video/js/jquery-2.2.4.min.html]
[bk8champion.com/images/images/images/video/video_cn_v2.html]
[bk8champion.com/images/images/images/video/js/bootstrap.bundle.min.html]
[bk8champion.com/images/images/images/js/images/favicon.html]
[bk8champion.com/images/images/images/js/css/bootstrap.min.html]
[bk8champion.com/images/images/images/js/css/custom349e.html]
[bk8champion.com/images/images/images/js/video/video_cn_v2.html]
[bk8champion.com/images/images/images/js/js/jquery-2.2.4.min.html]
[bk8champion.com/images/images/images/js/jquery-2.2.4.min.html]
[bk8champion.com/images/images/images/js/bootstrap.bundle.min.html]
[bk8champion.com/images/images/images/js/js/bootstrap.bundle.min.html]
[bk8champion.com/images/images/css/images/images/favicon.html]
[bk8champion.com/images/images/css/images/css/bootstrap.min.html]
[bk8champion.com/images/images/css/images/css/custom349e.html]
[bk8champion.com/images/images/css/images/video/video_cn_v2.html]
[bk8champion.com/images/images/css/images/js/jquery-2.2.4.min.html]
[bk8champion.com/images/images/css/images/favicon.html]
[bk8champion.com/images/images/css/images/js/bootstrap.bundle.min.html]
[bk8champion.com/images/images/css/css/images/favicon.html]
[bk8champion.com/images/images/css/css/css/bootstrap.min.html]
[bk8champion.com/images/images/css/css/css/custom349e.html]
[bk8champion.com/images/images/css/css/video/video_cn_v2.html]
[bk8champion.com/images/images/css/css/js/jquery-2.2.4.min.html]
[bk8champion.com/images/images/css/css/bootstrap.min.html]
[bk8champion.com/images/images/css/css/custom349e.html]
[bk8champion.com/images/images/css/css/js/bootstrap.bundle.min.html]
[bk8champion.com/images/images/css/video/images/favicon.html]
[bk8champion.com/images/images/css/video/css/bootstrap.min.html]
[bk8champion.com/images/images/css/video/css/custom349e.html]
[bk8champion.com/images/images/css/video/video/video_cn_v2.html]
[bk8champion.com/images/images/css/video/js/jquery-2.2.4.min.html]
[bk8champion.com/images/images/css/video/video_cn_v2.html]
[bk8champion.com/images/images/css/video/js/bootstrap.bundle.min.html]
[bk8champion.com/images/images/css/js/images/favicon.html]
[bk8champion.com/images/images/css/js/css/bootstrap.min.html]
[bk8champion.com/images/images/css/js/css/custom349e.html]
[bk8champion.com/images/images/css/js/video/video_cn_v2.html]
[bk8champion.com/images/images/css/js/js/jquery-2.2.4.min.html]
[bk8champion.com/images/images/css/js/jquery-2.2.4.min.html]
[bk8champion.com/images/images/css/js/bootstrap.bundle.min.html]
[bk8champion.com/images/images/css/js/js/bootstrap.bundle.min.html]
[bk8champion.com/images/images/video/images/images/favicon.html]
[bk8champion.com/images/images/video/images/css/bootstrap.min.html]
[bk8champion.com/images/images/video/images/css/custom349e.html]
[bk8champion.com/images/images/video/images/video/video_cn_v2.html]
[bk8champion.com/images/images/video/images/js/jquery-2.2.4.min.html]
[bk8champion.com/images/images/video/images/favicon.html]
[bk8champion.com/images/images/video/images/js/bootstrap.bundle.min.html]
[bk8champion.com/images/images/video/css/images/favicon.html]
[bk8champion.com/images/images/video/css/css/bootstrap.min.html]
[bk8champion.com/images/images/video/css/css/custom349e.html]
[bk8champion.com/images/images/video/css/video/video_cn_v2.html]
[bk8champion.com/images/images/video/css/js/jquery-2.2.4.min.html]
[bk8champion.com/images/images/video/css/bootstrap.min.html]
[bk8champion.com/images/images/video/css/custom349e.html]
[bk8champion.com/images/images/video/css/js/bootstrap.bundle.min.html]
[bk8champion.com/images/images/video/video/images/favicon.html]
[bk8champion.com/images/images/video/video/css/bootstrap.min.html]
[bk8champion.com/images/images/video/video/css/custom349e.html]
[bk8champion.com/images/images/video/video/video/video_cn_v2.html]
[bk8champion.com/images/images/video/video/js/jquery-2.2.4.min.html]
[bk8champion.com/images/images/video/video/video_cn_v2.html]
[bk8champion.com/images/images/video/video/js/bootstrap.bundle.min.html]
[bk8champion.com/images/images/video/js/images/favicon.html]
[bk8champion.com/images/images/video/js/css/bootstrap.min.html]
[bk8champion.com/images/images/video/js/css/custom349e.html]
[bk8champion.com/images/images/video/js/video/video_cn_v2.html]
[bk8champion.com/images/images/video/js/js/jquery-2.2.4.min.html]
[bk8champion.com/images/images/video/js/jquery-2.2.4.min.html]
[bk8champion.com/images/images/video/js/bootstrap.bundle.min.html]
[bk8champion.com/images/images/video/js/js/bootstrap.bundle.min.html]
[bk8champion.com/images/images/js/images/images/favicon.html]
[bk8champion.com/images/images/js/images/css/bootstrap.min.html]
[bk8champion.com/images/images/js/images/css/custom349e.html]
[bk8champion.com/images/images/js/images/video/video_cn_v2.html]
[bk8champion.com/images/images/js/images/js/jquery-2.2.4.min.html]
[bk8champion.com/images/images/js/images/favicon.html]
[bk8champion.com/images/images/js/images/js/bootstrap.bundle.min.html]
[bk8champion.com/images/images/js/css/images/favicon.html]
[bk8champion.com/images/images/js/css/css/bootstrap.min.html]
[bk8champion.com/images/images/js/css/css/custom349e.html]
[bk8champion.com/images/images/js/css/video/video_cn_v2.html]
[bk8champion.com/images/images/js/css/js/jquery-2.2.4.min.html]
[bk8champion.com/images/images/js/css/bootstrap.min.html]
[bk8champion.com/images/images/js/css/custom349e.html]
[bk8champion.com/images/images/js/css/js/bootstrap.bundle.min.html]
[bk8champion.com/images/images/js/video/images/favicon.html]
[bk8champion.com/images/images/js/video/css/bootstrap.min.html]
[bk8champion.com/images/images/js/video/css/custom349e.html]
[bk8champion.com/images/images/js/video/video/video_cn_v2.html]
[bk8champion.com/images/images/js/video/js/jquery-2.2.4.min.html]
[bk8champion.com/images/images/js/video/video_cn_v2.html]
[bk8champion.com/images/images/js/video/js/bootstrap.bundle.min.html]
[bk8champion.com/images/images/js/js/images/favicon.html]
[bk8champion.com/images/images/js/js/css/bootstrap.min.html]
[bk8champion.com/images/images/js/js/css/custom349e.html]
[bk8champion.com/images/images/js/js/video/video_cn_v2.html]
[bk8champion.com/images/images/js/js/js/jquery-2.2.4.min.html]
[bk8champion.com/images/images/js/js/jquery-2.2.4.min.html]
[bk8champion.com/images/images/js/js/bootstrap.bundle.min.html]
[bk8champion.com/images/images/js/js/js/bootstrap.bundle.min.html]
[bk8champion.com/images/css/images/images/images/favicon.html]
[bk8champion.com/images/css/images/images/css/bootstrap.min.html]
[bk8champion.com/images/css/images/images/css/custom349e.html]
[bk8champion.com/images/css/images/images/video/video_cn_v2.html]
[bk8champion.com/images/css/images/images/js/jquery-2.2.4.min.html]
[bk8champion.com/images/css/images/images/favicon.html]
[bk8champion.com/images/css/images/images/js/bootstrap.bundle.min.html]
[bk8champion.com/images/css/images/css/images/favicon.html]
[bk8champion.com/images/css/images/css/css/bootstrap.min.html]
[bk8champion.com/images/css/images/css/css/custom349e.html]
[bk8champion.com/images/css/images/css/video/video_cn_v2.html]
[bk8champion.com/images/css/images/css/js/jquery-2.2.4.min.html]
[bk8champion.com/images/css/images/css/bootstrap.min.html]
[bk8champion.com/images/css/images/css/custom349e.html]
[bk8champion.com/images/css/images/css/js/bootstrap.bundle.min.html]
[bk8champion.com/images/css/images/video/images/favicon.html]
[bk8champion.com/images/css/images/video/css/bootstrap.min.html]
[bk8champion.com/images/css/images/video/css/custom349e.html]
[bk8champion.com/images/css/images/video/video/video_cn_v2.html]
[bk8champion.com/images/css/images/video/js/jquery-2.2.4.min.html]
[bk8champion.com/images/css/images/video/video_cn_v2.html]
[bk8champion.com/images/css/images/video/js/bootstrap.bundle.min.html]
[bk8champion.com/images/css/images/js/images/favicon.html]
[bk8champion.com/images/css/images/js/css/bootstrap.min.html]
[bk8champion.com/images/css/images/js/css/custom349e.html]
[bk8champion.com/images/css/images/js/video/video_cn_v2.html]
[bk8champion.com/images/css/images/js/js/jquery-2.2.4.min.html]
[bk8champion.com/images/css/images/js/jquery-2.2.4.min.html]
[bk8champion.com/images/css/images/js/bootstrap.bundle.min.html]
[bk8champion.com/images/css/images/js/js/bootstrap.bundle.min.html]
[bk8champion.com/images/css/css/images/images/favicon.html]
[bk8champion.com/images/css/css/images/css/bootstrap.min.html]
[bk8champion.com/images/css/css/images/css/custom349e.html]
[bk8champion.com/images/css/css/images/video/video_cn_v2.html]
[bk8champion.com/images/css/css/images/js/jquery-2.2.4.min.html]
[bk8champion.com/images/css/css/images/favicon.html]
[bk8champion.com/images/css/css/images/js/bootstrap.bundle.min.html]
[bk8champion.com/images/css/css/css/images/favicon.html]
[bk8champion.com/images/css/css/css/css/bootstrap.min.html]
[bk8champion.com/images/css/css/css/css/custom349e.html]
[bk8champion.com/images/css/css/css/video/video_cn_v2.html]
[bk8champion.com/images/css/css/css/js/jquery-2.2.4.min.html]
[bk8champion.com/images/css/css/css/bootstrap.min.html]
[bk8champion.com/images/css/css/css/custom349e.html]
[bk8champion.com/images/css/css/css/js/bootstrap.bundle.min.html]
[bk8champion.com/images/css/css/video/images/favicon.html]
[bk8champion.com/images/css/css/video/css/bootstrap.min.html]
[bk8champion.com/images/css/css/video/css/custom349e.html]
[bk8champion.com/images/css/css/video/video/video_cn_v2.html]
[bk8champion.com/images/css/css/video/js/jquery-2.2.4.min.html]
[bk8champion.com/images/css/css/video/video_cn_v2.html]
[bk8champion.com/images/css/css/video/js/bootstrap.bundle.min.html]
[bk8champion.com/images/css/css/js/images/favicon.html]
[bk8champion.com/images/css/css/js/css/bootstrap.min.html]
[bk8champion.com/images/css/css/js/css/custom349e.html]
[bk8champion.com/images/css/css/js/video/video_cn_v2.html]
[bk8champion.com/images/css/css/js/js/jquery-2.2.4.min.html]
[bk8champion.com/images/css/css/js/jquery-2.2.4.min.html]
[bk8champion.com/images/css/css/js/bootstrap.bundle.min.html]
[bk8champion.com/images/css/css/js/js/bootstrap.bundle.min.html]
[bk8champion.com/images/css/video/images/images/favicon.html]
[bk8champion.com/images/css/video/images/css/bootstrap.min.html]
[bk8champion.com/images/css/video/images/css/custom349e.html]
[bk8champion.com/images/css/video/images/video/video_cn_v2.html]
[bk8champion.com/images/css/video/images/js/jquery-2.2.4.min.html]
[bk8champion.com/images/css/video/images/favicon.html]
[bk8champion.com/images/css/video/images/js/bootstrap.bundle.min.html]
[bk8champion.com/images/css/video/css/images/favicon.html]
[bk8champion.com/images/css/video/css/css/bootstrap.min.html]
[bk8champion.com/images/css/video/css/css/custom349e.html]
[bk8champion.com/images/css/video/css/video/video_cn_v2.html]
[bk8champion.com/images/css/video/css/js/jquery-2.2.4.min.html]
[bk8champion.com/images/css/video/css/bootstrap.min.html]
[bk8champion.com/images/css/video/css/custom349e.html]
[bk8champion.com/images/css/video/css/js/bootstrap.bundle.min.html]
[bk8champion.com/images/css/video/video/images/favicon.html]
[bk8champion.com/images/css/video/video/css/bootstrap.min.html]
[bk8champion.com/images/css/video/video/css/custom349e.html]
[bk8champion.com/images/css/video/video/video/video_cn_v2.html]
[bk8champion.com/images/css/video/video/js/jquery-2.2.4.min.html]
[bk8champion.com/images/css/video/video/video_cn_v2.html]
[bk8champion.com/images/css/video/video/js/bootstrap.bundle.min.html]
[bk8champion.com/images/css/video/js/images/favicon.html]
[bk8champion.com/images/css/video/js/css/bootstrap.min.html]
[bk8champion.com/images/css/video/js/css/custom349e.html]
[bk8champion.com/images/css/video/js/video/video_cn_v2.html]
[bk8champion.com/images/css/video/js/js/jquery-2.2.4.min.html]
[bk8champion.com/images/css/video/js/jquery-2.2.4.min.html]
[bk8champion.com/images/css/video/js/bootstrap.bundle.min.html]
[bk8champion.com/images/css/video/js/js/bootstrap.bundle.min.html]
[bk8champion.com/images/css/js/images/images/favicon.html]
[bk8champion.com/images/css/js/images/css/bootstrap.min.html]
[bk8champion.com/images/css/js/images/css/custom349e.html]
[bk8champion.com/images/css/js/images/video/video_cn_v2.html]
[bk8champion.com/images/css/js/images/js/jquery-2.2.4.min.html]
[bk8champion.com/images/css/js/images/favicon.html]
[bk8champion.com/images/css/js/images/js/bootstrap.bundle.min.html]
[bk8champion.com/images/css/js/css/images/favicon.html]
[bk8champion.com/images/css/js/css/css/bootstrap.min.html]
[bk8champion.com/images/css/js/css/css/custom349e.html]
[bk8champion.com/images/css/js/css/video/video_cn_v2.html]
[bk8champion.com/images/css/js/css/js/jquery-2.2.4.min.html]
[bk8champion.com/images/css/js/css/bootstrap.min.html]
[bk8champion.com/images/css/js/css/custom349e.html]
[bk8champion.com/images/css/js/css/js/bootstrap.bundle.min.html]
[bk8champion.com/images/css/js/video/images/favicon.html]
[bk8champion.com/images/css/js/video/css/bootstrap.min.html]
[bk8champion.com/images/css/js/video/css/custom349e.html]
[bk8champion.com/images/css/js/video/video/video_cn_v2.html]
[bk8champion.com/images/css/js/video/js/jquery-2.2.4.min.html]
[bk8champion.com/images/css/js/video/video_cn_v2.html]
[bk8champion.com/images/css/js/video/js/bootstrap.bundle.min.html]
[bk8champion.com/images/css/js/js/images/favicon.html]
[bk8champion.com/images/css/js/js/css/bootstrap.min.html]
[bk8champion.com/images/css/js/js/css/custom349e.html]
[bk8champion.com/images/css/js/js/video/video_cn_v2.html]
[bk8champion.com/images/css/js/js/js/jquery-2.2.4.min.html]
[bk8champion.com/images/css/js/js/jquery-2.2.4.min.html]
[bk8champion.com/images/css/js/js/bootstrap.bundle.min.html]
[bk8champion.com/images/css/js/js/js/bootstrap.bundle.min.html]
[bk8champion.com/images/video/images/images/images/favicon.html]
[bk8champion.com/images/video/images/images/css/bootstrap.min.html]
[bk8champion.com/images/video/images/images/css/custom349e.html]
[bk8champion.com/images/video/images/images/video/video_cn_v2.html]
[bk8champion.com/images/video/images/images/js/jquery-2.2.4.min.html]
[bk8champion.com/images/video/images/images/favicon.html]
[bk8champion.com/images/video/images/images/js/bootstrap.bundle.min.html]
[bk8champion.com/images/video/images/css/images/favicon.html]
[bk8champion.com/images/video/images/css/css/bootstrap.min.html]
[bk8champion.com/images/video/images/css/css/custom349e.html]
[bk8champion.com/images/video/images/css/video/video_cn_v2.html]
[bk8champion.com/images/video/images/css/js/jquery-2.2.4.min.html]
[bk8champion.com/images/video/images/css/bootstrap.min.html]
[bk8champion.com/images/video/images/css/custom349e.html]
[bk8champion.com/images/video/images/css/js/bootstrap.bundle.min.html]
[bk8champion.com/images/video/images/video/images/favicon.html]
[bk8champion.com/images/video/images/video/css/bootstrap.min.html]
[bk8champion.com/images/video/images/video/css/custom349e.html]
[bk8champion.com/images/video/images/video/video/video_cn_v2.html]
[bk8champion.com/images/video/images/video/js/jquery-2.2.4.min.html]
[bk8champion.com/images/video/images/video/video_cn_v2.html]
[bk8champion.com/images/video/images/video/js/bootstrap.bundle.min.html]
[bk8champion.com/images/video/images/js/images/favicon.html]
[bk8champion.com/images/video/images/js/css/bootstrap.min.html]
[bk8champion.com/images/video/images/js/css/custom349e.html]
[bk8champion.com/images/video/images/js/video/video_cn_v2.html]
[bk8champion.com/images/video/images/js/js/jquery-2.2.4.min.html]
[bk8champion.com/images/video/images/js/jquery-2.2.4.min.html]
[bk8champion.com/images/video/images/js/bootstrap.bundle.min.html]
[bk8champion.com/images/video/images/js/js/bootstrap.bundle.min.html]
[bk8champion.com/images/video/css/images/images/favicon.html]
[bk8champion.com/images/video/css/images/css/bootstrap.min.html]
[bk8champion.com/images/video/css/images/css/custom349e.html]
[bk8champion.com/images/video/css/images/video/video_cn_v2.html]
[bk8champion.com/images/video/css/images/js/jquery-2.2.4.min.html]
[bk8champion.com/images/video/css/images/favicon.html]
[bk8champion.com/images/video/css/images/js/bootstrap.bundle.min.html]
[bk8champion.com/images/video/css/css/images/favicon.html]
[bk8champion.com/images/video/css/css/css/bootstrap.min.html]
[bk8champion.com/images/video/css/css/css/custom349e.html]
[bk8champion.com/images/video/css/css/video/video_cn_v2.html]
[bk8champion.com/images/video/css/css/js/jquery-2.2.4.min.html]
[bk8champion.com/images/video/css/css/bootstrap.min.html]
[bk8champion.com/images/video/css/css/custom349e.html]
[bk8champion.com/images/video/css/css/js/bootstrap.bundle.min.html]
[bk8champion.com/images/video/css/video/images/favicon.html]
[bk8champion.com/images/video/css/video/css/bootstrap.min.html]
[bk8champion.com/images/video/css/video/css/custom349e.html]
[bk8champion.com/images/video/css/video/video/video_cn_v2.html]
[bk8champion.com/images/video/css/video/js/jquery-2.2.4.min.html]
[bk8champion.com/images/video/css/video/video_cn_v2.html]
[bk8champion.com/images/video/css/video/js/bootstrap.bundle.min.html]
[bk8champion.com/images/video/css/js/images/favicon.html]
[bk8champion.com/images/video/css/js/css/bootstrap.min.html]
[bk8champion.com/images/video/css/js/css/custom349e.html]
[bk8champion.com/images/video/css/js/video/video_cn_v2.html]
[bk8champion.com/images/video/css/js/js/jquery-2.2.4.min.html]
[bk8champion.com/images/video/css/js/jquery-2.2.4.min.html]
[bk8champion.com/images/video/css/js/bootstrap.bundle.min.html]
[bk8champion.com/images/video/css/js/js/bootstrap.bundle.min.html]
[bk8champion.com/images/video/video/images/images/favicon.html]
[bk8champion.com/images/video/video/images/favicon.html]
[bk8champion.com/images/video/video/css/bootstrap.min.html]
[bk8champion.com/images/video/video/css/custom349e.html]
[bk8champion.com/images/video/video/video/video_cn_v2.html]
[bk8champion.com/images/video/video/js/jquery-2.2.4.min.html]
[bk8champion.com/images/video/video/js/bootstrap.bundle.min.html]
[bk8champion.com/images/video/js/images/favicon.html]
[bk8champion.com/images/video/js/css/bootstrap.min.html]
[bk8champion.com/images/video/js/css/custom349e.html]
[bk8champion.com/images/video/js/video/video_cn_v2.html]
[bk8champion.com/images/video/js/js/jquery-2.2.4.min.html]
[bk8champion.com/images/video/js/js/bootstrap.bundle.min.html]
[bk8champion.com/images/js/images/images/favicon.html]
[bk8champion.com/images/js/images/css/bootstrap.min.html]
[bk8champion.com/images/js/images/css/custom349e.html]
[bk8champion.com/images/js/images/video/video_cn_v2.html]
[bk8champion.com/images/js/images/js/jquery-2.2.4.min.html]
[bk8champion.com/images/js/images/js/bootstrap.bundle.min.html]
[bk8champion.com/images/js/css/images/favicon.html]
[bk8champion.com/images/js/css/css/bootstrap.min.html]
[bk8champion.com/images/js/css/css/custom349e.html]
[bk8champion.com/images/js/css/video/video_cn_v2.html]
[bk8champion.com/images/js/css/js/jquery-2.2.4.min.html]
[bk8champion.com/images/js/css/js/bootstrap.bundle.min.html]
[bk8champion.com/images/js/video/images/favicon.html]
[bk8champion.com/images/js/video/css/bootstrap.min.html]
[bk8champion.com/images/js/video/css/custom349e.html]
[bk8champion.com/images/js/video/video/video_cn_v2.html]
[bk8champion.com/images/js/video/js/jquery-2.2.4.min.html]
[bk8champion.com/images/js/video/js/bootstrap.bundle.min.html]
[bk8champion.com/images/js/js/images/favicon.html]
[bk8champion.com/images/js/js/css/bootstrap.min.html]
[bk8champion.com/images/js/js/css/custom349e.html]
[bk8champion.com/images/js/js/video/video_cn_v2.html]
[bk8champion.com/images/js/js/js/jquery-2.2.4.min.html]
[bk8champion.com/images/js/js/js/bootstrap.bundle.min.html]
[bk8champion.com/images/images/images/images/images/favicon.html]
[bk8champion.com/images/images/images/images/css/bootstrap.min.html]
[bk8champion.com/images/images/images/images/css/custom349e.html]
[bk8champion.com/images/images/images/images/video/video_cn_v2.html]
[bk8champion.com/images/images/images/images/js/jquery-2.2.4.min.html]
[bk8champion.com/images/images/images/images/js/bootstrap.bundle.min.html]
[bk8champion.com/images/images/images/css/images/favicon.html]
[bk8champion.com/images/images/images/css/css/bootstrap.min.html]
[bk8champion.com/images/images/images/css/css/custom349e.html]
[bk8champion.com/images/images/images/css/video/video_cn_v2.html]
[bk8champion.com/images/images/images/css/js/jquery-2.2.4.min.html]
[bk8champion.com/images/images/images/css/js/bootstrap.bundle.min.html]
[bk8champion.com/images/images/images/video/images/favicon.html]
[bk8champion.com/images/images/images/video/css/bootstrap.min.html]
[bk8champion.com/images/images/images/video/css/custom349e.html]
[bk8champion.com/images/images/images/video/video/video_cn_v2.html]
[bk8champion.com/images/images/images/video/js/jquery-2.2.4.min.html]
[bk8champion.com/images/images/images/video/js/bootstrap.bundle.min.html]
[bk8champion.com/images/images/images/js/images/favicon.html]
[bk8champion.com/images/images/images/js/css/bootstrap.min.html]
[bk8champion.com/images/images/images/js/css/custom349e.html]
[bk8champion.com/images/images/images/js/video/video_cn_v2.html]
[bk8champion.com/images/images/images/js/js/jquery-2.2.4.min.html]
[bk8champion.com/images/images/images/js/js/bootstrap.bundle.min.html]
[bk8champion.com/images/images/css/images/images/favicon.html]
[bk8champion.com/images/images/css/images/css/bootstrap.min.html]
[bk8champion.com/images/images/css/images/css/custom349e.html]
[bk8champion.com/images/images/css/images/video/video_cn_v2.html]
[bk8champion.com/images/images/css/images/js/jquery-2.2.4.min.html]
[bk8champion.com/images/images/css/images/js/bootstrap.bundle.min.html]
[bk8champion.com/images/images/css/css/images/favicon.html]
[bk8champion.com/images/images/css/css/css/bootstrap.min.html]
[bk8champion.com/images/images/css/css/css/custom349e.html]
[bk8champion.com/images/images/css/css/video/video_cn_v2.html]
[bk8champion.com/images/images/css/css/js/jquery-2.2.4.min.html]
[bk8champion.com/images/images/css/css/js/bootstrap.bundle.min.html]
[bk8champion.com/images/images/css/video/images/favicon.html]
[bk8champion.com/images/images/css/video/css/bootstrap.min.html]
[bk8champion.com/images/images/css/video/css/custom349e.html]
[bk8champion.com/images/images/css/video/video/video_cn_v2.html]
[bk8champion.com/images/images/css/video/js/jquery-2.2.4.min.html]
[bk8champion.com/images/images/css/video/js/bootstrap.bundle.min.html]
[bk8champion.com/images/images/css/js/images/favicon.html]
[bk8champion.com/images/images/css/js/css/bootstrap.min.html]
[bk8champion.com/images/images/css/js/css/custom349e.html]
[bk8champion.com/images/images/css/js/video/video_cn_v2.html]
[bk8champion.com/images/images/css/js/js/jquery-2.2.4.min.html]
[bk8champion.com/images/images/css/js/js/bootstrap.bundle.min.html]
[bk8champion.com/images/images/video/images/images/favicon.html]
[bk8champion.com/images/images/video/images/css/bootstrap.min.html]
[bk8champion.com/images/images/video/images/css/custom349e.html]
[bk8champion.com/images/images/video/images/video/video_cn_v2.html]
[bk8champion.com/images/images/video/images/js/jquery-2.2.4.min.html]
[bk8champion.com/images/images/video/images/js/bootstrap.bundle.min.html]
[bk8champion.com/images/images/video/css/images/favicon.html]
[bk8champion.com/images/images/video/css/css/bootstrap.min.html]
[bk8champion.com/images/images/video/css/css/custom349e.html]
[bk8champion.com/images/images/video/css/video/video_cn_v2.html]
[bk8champion.com/images/images/video/css/js/jquery-2.2.4.min.html]
[bk8champion.com/images/images/video/css/js/bootstrap.bundle.min.html]
[bk8champion.com/images/images/video/video/images/favicon.html]
[bk8champion.com/images/images/video/video/css/bootstrap.min.html]
[bk8champion.com/images/images/video/video/css/custom349e.html]
[bk8champion.com/images/images/video/video/video/video_cn_v2.html]
[bk8champion.com/images/images/video/video/js/jquery-2.2.4.min.html]
